// Jest Snapshot v1, https://goo.gl/fbAQLP

exports[`<Search /> Matches the snapshot 1`] = `
<form
  className="search"
  onSubmit={[Function]}
>
  <label
    className="searchLabel"
    htmlFor="search"
  >
    <span
      className="visuallyhidden"
    >
      Search for...
    </span>
    <input
      className="searchText"
      id="search"
      onChange={[Function]}
      placeholder="Search for..."
      type="text"
    />
  </label>
  <div
    className="btnWrap"
  >
    <div
      className="inputWrap"
    >
      <input
        className="inputBtn btnWhite searchBtn"
        onClick={[Function]}
        type="submit"
        value="Go!"
      />
    </div>
  </div>
</form>
`;
