// Jest Snapshot v1, https://goo.gl/fbAQLP

exports[`<Button /> Matches the Button snapshot 1`] = `
<button
  className="btnWhite "
  onClick={[MockFunction]}
  type="button"
>
  test
</button>
`;

exports[`<Button /> Matches the Link snapshot 1`] = `
<a
  className="btnWhite "
  href="https://google.com"
  onClick={[MockFunction]}
>
  <span
    className="text-label"
  >
    test
  </span>
</a>
`;
