// Jest Snapshot v1, https://goo.gl/fbAQLP

exports[`<Button /> Matches the Button snapshot 1`] = `
<button
  aria-expanded={null}
  aria-haspopup={null}
  aria-label={null}
  className="btnWhite White"
  onClick={[MockFunction]}
  type="button"
>
  test
</button>
`;

exports[`<ButtonInput /> Matches the Button Input snapshot 1`] = `
<div
  className="inputWrap"
>
  <input
    className="inputBtn btnWhite White"
    onClick={[MockFunction]}
    type="submit"
    value="test"
  />
</div>
`;

exports[`<ButtonLink /> Matches the Button Link snapshot 1`] = `
<a
  className="btnWhite White"
  href="https://google.com"
  onClick={[MockFunction]}
>
  test
</a>
`;
