// Jest Snapshot v1, https://goo.gl/fbAQLP

exports[`<CardList /> Matches the Card List snapshot 1`] = `
<section
  className="className && list world"
>
  <header
    className="header"
  >
    <a
      className="logoLink"
      href="#"
    >
      <img
        alt="PRIs The World"
        className="logo"
        src="https://interactive-dev.pri.org/staging/prototypes/homepage/themes/pri/images/logo_tw.png"
      />
      <span>
        PRIs The World
      </span>
    </a>
  </header>
  <span>
    One
  </span>
  <span>
    Two
  </span>
</section>
`;
