// Jest Snapshot v1, https://goo.gl/fbAQLP

exports[`<DropdownItem /> Handles Dropdown click events 1`] = `
ShallowWrapper {
  "length": 1,
  Symbol(enzyme.__root__): [Circular],
  Symbol(enzyme.__unrendered__): <DropdownItem
    heading={null}
    isHr={false}
    onClick={
      [MockFunction] {
        "calls": Array [
          Array [],
        ],
      }
    }
    url="https://google.com"
  >
    Google
  </DropdownItem>,
  Symbol(enzyme.__renderer__): Object {
    "batchedUpdates": [Function],
    "getNode": [Function],
    "render": [Function],
    "simulateEvent": [Function],
    "unmount": [Function],
  },
  Symbol(enzyme.__node__): Object {
    "instance": null,
    "key": undefined,
    "nodeType": "host",
    "props": Object {
      "children": "Google",
      "className": "dropdownItem",
      "href": "https://google.com",
      "onClick": [MockFunction] {
        "calls": Array [
          Array [],
        ],
      },
    },
    "ref": null,
    "rendered": "Google",
    "type": "a",
  },
  Symbol(enzyme.__nodes__): Array [
    Object {
      "instance": null,
      "key": undefined,
      "nodeType": "host",
      "props": Object {
        "children": "Google",
        "className": "dropdownItem",
        "href": "https://google.com",
        "onClick": [MockFunction] {
          "calls": Array [
            Array [],
          ],
        },
      },
      "ref": null,
      "rendered": "Google",
      "type": "a",
    },
  ],
  Symbol(enzyme.__options__): Object {
    "adapter": ReactSixteenAdapter {
      "options": Object {
        "enableComponentDidUpdateOnSetState": true,
      },
    },
  },
}
`;

exports[`<DropdownItem /> Matches the Dropdown Item HR snapshot 1`] = `
<hr
  className="dropdownHr"
/>
`;

exports[`<DropdownItem /> Matches the Dropdown Item Heading snapshot 1`] = `
<h3
  className="dropdownHeading"
>
  Google
</h3>
`;

exports[`<DropdownItem /> Matches the Dropdown Item Link snapshot 1`] = `
<a
  className="dropdownItem"
  href="https://google.com"
  onClick={[Function]}
>
  Google
</a>
`;

exports[`<DropdownItem /> Matches the Dropdown Item any children snapshot 1`] = `
<div
  className="dropdownSpace dropdownForm"
/>
`;
