// Jest Snapshot v1, https://goo.gl/fbAQLP

exports[`<List /> Matches the List snapshot 1`] = `
<div
  aria-labelledby={null}
  className=""
  role={null}
>
  <ul
    className="list null"
  >
    <li
      className="listItem null"
    >
      <a
        className="listLink undefined"
        href="http://google.com"
      >
        Google
      </a>
    </li>
    <li
      className="listItem null"
    >
      <a
        className="listLink undefined"
        href="http://yahoo.com"
      >
        Yahoo
      </a>
    </li>
  </ul>
</div>
`;
