// Jest Snapshot v1, https://goo.gl/fbAQLP

exports[`<Dropdown /> Matches the snapshot 1`] = `
<div
  className="dropdownGrp"
>
  <button
    aria-expanded={false}
    aria-haspopup={true}
    className="btnGrpWhite"
    onClick={[Function]}
    type="button"
  >
    <span
      className={null}
    >
      Listen
    </span>
  </button>
  <button
    aria-expanded={false}
    aria-haspopup={true}
    className="btnDropdownWhite"
    onClick={[Function]}
    type="button"
  >
    <span
      className="hidden"
    >
      Toggle Listen Dropdown
    </span>
  </button>
  <div
    className="dropdown"
    data-open={false}
  >
    <a
      className="dropdownItem"
      href="https://google.com"
      onClick={[Function]}
    >
      Google
    </a>
    <a
      className="dropdownItem"
      href={null}
      onClick={[Function]}
    >
      Custom Action
    </a>
  </div>
</div>
`;
