// Jest Snapshot v1, https://goo.gl/fbAQLP

exports[`<Main /> Matches the Main content area snapshot 1`] = `
<main
  className="mainContainer"
>
  <div
    className="mainList"
  >
    <p>
      Main List
    </p>
  </div>
  <div
    className="latestContent"
  >
    <p>
      Latest Content
    </p>
  </div>
  <div
    className="callouts"
  >
    <p>
      Callouts
    </p>
  </div>
  <div
    className="mainList2"
  >
    <p>
      Main List Two
    </p>
  </div>
</main>
`;
