// Jest Snapshot v1, https://goo.gl/fbAQLP

exports[`<Dropdown /> Matches the snapshot 1`] = `
<div
  className="dropdownGrp null"
>
  <a
    className="btnWhite btnGrp"
    href="https://google.com"
    onClick={[MockFunction]}
  >
    <span
      className="textLabel false"
    >
      Listen
    </span>
  </a>
  <button
    aria-expanded={null}
    aria-haspopup={true}
    aria-label="open menu"
    className="btnWhite btnDropdownWhite"
    onClick={[Function]}
    type="button"
  />
</div>
`;
