// Jest Snapshot v1, https://goo.gl/fbAQLP

exports[`<Dropdown /> Matches the snapshot 1`] = `
<div
  className="dropdownGrp null"
>
  <a
    className="btnWhite btnGrp"
    href="https://google.com"
    onClick={[MockFunction]}
    role="button"
  >
    <span
      className="textLabel false"
    >
      Listen
    </span>
  </a>
  <button
    aria-expanded={false}
    aria-haspopup={true}
    aria-label="Open Dropdown"
    className="btnWhite btnDropdownWhite btnHide"
    disabled={false}
    onBlur={[Function]}
    onClick={[Function]}
    onKeyDown={[Function]}
    role="button"
    type="button"
  />
</div>
`;
